              ..............................:::::::::...................
            ...........................::::::::-*--::::::...............
           .........................::::::::::--=#+%=-::::::............
          .......................::::::::::::--=%%%#=-::::::::..........
         ......................:::::::::::---=+%@@@%%#--:::::::.........
        ....................::::::::::------==*%@@@@%+=------:::........
       ...................::::::::::-=*%#*+%%%@@@@@@@%%%%====%-:::......
       ................::::::::::----=+@@@@@@@@@@@@@@@@@@%%@@##:::......
      .............::::::::::::----=%%%@@@@@@@@@@@@@@@@@@@@%#=--:::.....
      .......:::::::--%=---==----==+#%@@@@@@@@@@@@@@@@@@@@@@@#+%-:::....
     ....:::::::::::--=*%#**%#%+==+%@@@@@@@@@@@@@@@@@@@@@@@@@@#=-:::....
     ..::::::::::::---+*%@@@@@@@%##@@@@@@@@@@@@@@@@@@@@@@@@@@@@%:::::...
     :::::::::----=+++%@@@@@@@@@@@%@@@@@@@@@@@@@@@@@@@@@@@@@@@%-:::::...
     ::---=---===+*%@@%@@@@@@@@@@@@@@@@@@@@@@@@@@@@@@@@@@@@@%=--:::::...
     ::---=---===+*%@@%@@@@@@@@@@@@@@@@@@@@@@@@@@@@@@@@@@@@@%=--:::::...
     :::::::::----=+++%@@@@@@@@@@@%@@@@@@@@@@@@@@@@@@@@@@@@@@@%-:::::...
     ..::::::::::::---+*%@@@@@@@%##@@@@@@@@@@@@@@@@@@@@@@@@@@@@%:::::...
     ....:::::::::::--=*%#**%#%+==+%@@@@@@@@@@@@@@@@@@@@@@@@@@#=-:::....
      .......:::::::--%=---==----==+#%@@@@@@@@@@@@@@@@@@@@@@@#+%-:::....
      .............::::::::::::----=%%%@@@@@@@@@@@@@@@@@@@@%#=--:::.....
       ................::::::::::----=+%@@@@@@@@@@@@@@@@@%%@@##:::......
       ...................::::::::::-=*%#*+%%%@@@@@@@%%%%====%-:::......
        ....................::::::::::------==*%@@@@%+=------:::........
         ......................:::::::::::---=+%@@@%%#--:::::::.........
          .......................::::::::::::--=%%%#=-::::::::..........
           .........................::::::::::--=#+%=-::::::............
            ...........................::::::::-*--::::::...............
              ..............................:::::::::...................
