-- подробный разбор
30 -> 30
abc -> отклонено: String is not convertible to integer with base 10: 'abc'
-5 -> отклонено: возраст отрицательный
200 -> отклонено: возраст слишком большой
-- конец: подробный разбор
-- со значением по умолчанию
30 -> 30
abc -> 18
-5 -> 18
200 -> 18
-- конец: со значением по умолчанию
-- через Optional
30 -> значение 30
abc -> значения нет
-5 -> значения нет
200 -> значения нет
-- конец: через Optional
-- порядок выполнения
пробуем: 7
разобрали: 7
else: ошибок не было
finally: выполняется всегда
пробуем: нет
except: String is not convertible to integer with base 10: 'нет'
finally: выполняется всегда
-- конец: порядок выполнения
